<msim> Alert: Halting after forbidden READ (at 0x008000004, 0x4 inside nomem).

Cycles: 15
