<msim> Alert: Entering interactive mode because of invalid READ (at 0x008000004, 0x4 inside nomem).
[msim]
<msim> Alert: Quit
