processor 0
   0                0   at                0   v0                0   v1                0   a0 ffffffff90000000
  a1                a   a2 ffffffff88000004   a3                0   t0                0   t1                0
  t2                0   t3                0   t4                0   t5                0   t6                0
  t7                0   s0                0   s1                0   s2                0   s3                0
  s4                0   s5                0   s6                0   s7                0   t8                0
  t9                0   k0                0   k1                0   gp                0   sp                0
  fp                0   ra                0   pc ffffffffbfc00038   lo                0   hi                0
<msim> Alert: Halting after forbidden READ (at 0x008000004, 0x4 inside nomem).

Cycles: 15
