<msim> Alert: XINT: Machine halt when no tty available.

Cycles: 2
