==5654== Memcheck, a memory error detector
==5654== Copyright (C) 2002-2017, and GNU GPL'd, by Julian Seward et al.
==5654== Using Valgrind-3.15.0 and LibVEX; rerun with -h for copyright info
==5654== Command: ../../msim
==5654== 
<msim> Alert: frame data: 0x4acb170

<msim> Alert: size: 4

==5654== Conditional jump or move depends on uninitialised value(s)
==5654==    at 0x12E488: decode (cpu.c:3574)
==5654==    by 0x12E488: frame_decode (cpu.c:3709)
==5654==    by 0x12E488: execute (cpu.c:3810)
==5654==    by 0x12E488: cpu_step (cpu.c:3931)
==5654==    by 0x115ADB: machine_step (main.c:268)
==5654==    by 0x115ADB: machine_run (main.c:330)
==5654==    by 0x115ADB: main (main.c:367)
==5654== 
==5654== Use of uninitialised value of size 8
==5654==    at 0x12E48A: decode (cpu.c:3574)
==5654==    by 0x12E48A: frame_decode (cpu.c:3709)
==5654==    by 0x12E48A: execute (cpu.c:3810)
==5654==    by 0x12E48A: cpu_step (cpu.c:3931)
==5654==    by 0x115ADB: machine_step (main.c:268)
==5654==    by 0x115ADB: machine_run (main.c:330)
==5654==    by 0x115ADB: main (main.c:367)
==5654== 
==5654== Use of uninitialised value of size 8
==5654==    at 0x12E52C: decode (cpu.c:3580)
==5654==    by 0x12E52C: frame_decode (cpu.c:3709)
==5654==    by 0x12E52C: execute (cpu.c:3810)
==5654==    by 0x12E52C: cpu_step (cpu.c:3931)
==5654==    by 0x115ADB: machine_step (main.c:268)
==5654==    by 0x115ADB: machine_run (main.c:330)
==5654==    by 0x115ADB: main (main.c:367)
==5654== 
<msim> Alert: XHLT: Machine halt
==5654== 
==5654== HEAP SUMMARY:
==5654==     in use at exit: 49,226 bytes in 18 blocks
==5654==   total heap usage: 64 allocs, 46 frees, 62,580 bytes allocated
==5654== 
==5654== LEAK SUMMARY:
==5654==    definitely lost: 80 bytes in 5 blocks
==5654==    indirectly lost: 0 bytes in 0 blocks
==5654==      possibly lost: 0 bytes in 0 blocks
==5654==    still reachable: 49,146 bytes in 13 blocks
==5654==         suppressed: 0 bytes in 0 blocks
==5654== Rerun with --leak-check=full to see details of leaked memory
==5654== 
==5654== Use --track-origins=yes to see where uninitialised values come from
==5654== For lists of detected and suppressed errors, rerun with: -s
==5654== ERROR SUMMARY: 3012 errors from 3 contexts (suppressed: 0 from 0)
